src/middleware/auth.middleware.ts(29,56): error TS2353: Object literal may only specify known properties, and 'email' does not exist in type 'JwtPayload'.
src/middleware/error.middleware.ts(16,33): error TS2339: Property 'errors' does not exist on type 'ZodError<unknown>'.
src/middleware/error.middleware.ts(16,44): error TS7006: Parameter 'err' implicitly has an 'any' type.
src/modules/address/address.route.ts(3,34): error TS7016: Could not find a declaration file for module '../../middleware/tenant.middleware'. 'C:/shanti_jewellers_website/backend/src/middleware/tenant.middleware.js' implicitly has an 'any' type.
src/modules/auth/auth.repository.ts(64,11): error TS18004: No value exists in scope for the shorthand property 'userCode'. Either declare one or provide an initializer.
src/modules/cart/cart.route.ts(3,34): error TS7016: Could not find a declaration file for module '../../middleware/tenant.middleware'. 'C:/shanti_jewellers_website/backend/src/middleware/tenant.middleware.js' implicitly has an 'any' type.
src/modules/cart/cart.service.ts(4,35): error TS2307: Cannot find module '../products/product.repository' or its corresponding type declarations.
src/modules/checkout/checkout.repository.ts(11,25): error TS2339: Property 'coupon' does not exist on type 'PrismaClient<PrismaClientOptions, never, DefaultArgs>'.
src/modules/checkout/checkout.route.ts(3,34): error TS7016: Could not find a declaration file for module '../../middleware/tenant.middleware'. 'C:/shanti_jewellers_website/backend/src/middleware/tenant.middleware.js' implicitly has an 'any' type.
src/modules/checkout/checkout.service.ts(4,35): error TS2307: Cannot find module '../products/product.repository' or its corresponding type declarations.
src/modules/checkout/checkout.service.ts(128,7): error TS2561: Object literal may only specify known properties, but 'stoneAmount' does not exist in type 'CheckoutSessionUncheckedCreateInput'. Did you mean to write 'gstAmount'?
src/modules/order/order.route.ts(3,34): error TS7016: Could not find a declaration file for module '../../middleware/tenant.middleware'. 'C:/shanti_jewellers_website/backend/src/middleware/tenant.middleware.js' implicitly has an 'any' type.
src/modules/payment/payment.route.ts(4,34): error TS7016: Could not find a declaration file for module '../../middleware/tenant.middleware'. 'C:/shanti_jewellers_website/backend/src/middleware/tenant.middleware.js' implicitly has an 'any' type.
src/modules/payment/payment.service.ts(2,33): error TS7016: Could not find a declaration file for module './razorpay.service'. 'C:/shanti_jewellers_website/backend/src/modules/payment/razorpay.service.js' implicitly has an 'any' type.
src/modules/payment/payment.service.ts(7,39): error TS2307: Cannot find module '../../utils/BusinessCodeGenerator' or its corresponding type declarations.
src/modules/payment/payment.service.ts(11,45): error TS2339: Property 'getPaymentGateway' does not exist on type 'PaymentRepository'.
src/modules/payment/payment.service.ts(26,31): error TS2339: Property 'tenant' does not exist on type 'Omit<PrismaClient<PrismaClientOptions, never, DefaultArgs>, "$connect" | "$disconnect" | "$extends" | "$on" | "$transaction">'.
src/modules/payment/payment.service.ts(64,47): error TS2339: Property 'findByRazorpayOrderId' does not exist on type 'PaymentRepository'.
src/modules/payment/payment.service.ts(74,47): error TS2339: Property 'getPaymentGateway' does not exist on type 'PaymentRepository'.
src/modules/payment/payment.service.ts(115,11): error TS2322: Type '{ tenantId: string; paymentId: any; status: string; }' is not assignable to type '(Without<PaymentAttemptCreateInput, PaymentAttemptUncheckedCreateInput> & PaymentAttemptUncheckedCreateInput) | (Without<...> & PaymentAttemptCreateInput)'.
  Type '{ tenantId: string; paymentId: any; status: string; }' is not assignable to type 'Without<PaymentAttemptUncheckedCreateInput, PaymentAttemptCreateInput> & PaymentAttemptCreateInput'.
    Type '{ tenantId: string; paymentId: any; status: string; }' is missing the following properties from type 'PaymentAttemptCreateInput': amount, gateway, payment
src/modules/payment/payment.service.ts(152,33): error TS2339: Property 'tenant' does not exist on type 'Omit<PrismaClient<PrismaClientOptions, never, DefaultArgs>, "$connect" | "$disconnect" | "$extends" | "$on" | "$transaction">'.
src/modules/payment/payment.service.ts(181,24): error TS2739: Type '{ tenantId: string; invoiceNumber: any; }' is missing the following properties from type 'InvoiceUncheckedCreateWithoutOrderInput': invoiceDate, amount
src/modules/payment/payment.service.ts(272,47): error TS2339: Property 'findByRazorpayOrderId' does not exist on type 'PaymentRepository'.
src/modules/payment/payment.service.ts(275,33): error TS2339: Property 'updatePayment' does not exist on type 'PaymentRepository'.
src/modules/payment/payment.service.ts(283,47): error TS2339: Property 'findByRazorpayOrderId' does not exist on type 'PaymentRepository'.
src/modules/payment/payment.service.ts(285,33): error TS2339: Property 'updatePayment' does not exist on type 'PaymentRepository'.
src/modules/payment/payment.service.ts(308,37): error TS2339: Property 'tenantCode' does not exist on type 'never'.
src/modules/payment/payment.service.ts(308,57): error TS2339: Property 'tenantCode' does not exist on type 'never'.
src/modules/payment/payment.service.ts(336,31): error TS2339: Property 'updatePayment' does not exist on type 'PaymentRepository'.
src/modules/wishlist/wishlist.route.ts(3,10): error TS2305: Module '"../../middleware/auth.middleware"' has no exported member 'verifyToken'.
src/modules/wishlist/wishlist.service.ts(14,55): error TS7006: Parameter 'item' implicitly has an 'any' type.
src/modules/wishlist/wishlist.service.ts(23,47): error TS7006: Parameter 'item' implicitly has an 'any' type.
